// Jest Snapshot v1, https://goo.gl/fbAQLP

exports[`groupByCallStacks events w/ lines 1`] = `
"tests/breakpoints-01.test.ts
  startTest
    debugPrint
      _page.evaluate_
    _page.goto_
    waitForRecordingToFinishIndexing
      debugPrint
        _page.evaluate_
      waitFor
        callback
          _locator.getAttribute_
          _locator.getAttribute_
  openDevToolsTab
    _locator.isVisible_
    isDevToolsTabActive
      getElementClasses
        _locator.evaluate_
    _locator.click_
    waitFor
      callback
        isDevToolsTabActive
          getElementClasses
            _locator.evaluate_
  addBreakpoint
    openDevToolsTab
      _locator.isVisible_
      isDevToolsTabActive
        getElementClasses
          _locator.evaluate_
    openSource
      _locator.isVisible_
      debugPrint
        _page.evaluate_
      openSourceExplorerPanel
        _locator.isVisible_
      waitFor
        callback
          _locator.count_
      _locator.count_
      _locator.count_
      _locator.click_
      _locator.innerHTML_
      _locator.count_
      _locator.count_
      _locator.click_
      _locator.innerHTML_
      _locator.count_
      _locator.scrollIntoViewIfNeeded_
      _locator.click_
      waitForSelectedSource
        waitFor
          callback
            _locator.getAttribute_
          helpers/source-panel.ts
            _locator.getAttribute_
            mapLocators
              map
                callback
                  _locator.textContent_
                  _locator.textContent_
                  _locator.textContent_
                  _locator.textContent_
                  _locator.textContent_
                  _locator.textContent_
                  _locator.textContent_
                  _locator.textContent_
                  _locator.textContent_
                  _locator.textContent_
                  _locator.textContent_
                  _locator.textContent_
                  _locator.textContent_
                  _locator.textContent_
                  _locator.textContent_
                  _locator.textContent_
                  _locator.textContent_
                  _locator.textContent_
                  _locator.textContent_
                  _locator.textContent_
                  _locator.textContent_
                  _locator.textContent_
                  _locator.textContent_
                  _locator.textContent_
                  _locator.textContent_
                  _locator.textContent_
                  _locator.textContent_
                  _locator.textContent_
                  _locator.textContent_
                  _locator.textContent_
                  _locator.textContent_
                  _locator.textContent_
                  _locator.textContent_
                  _locator.textContent_
                  _locator.textContent_
                  _locator.textContent_
            _locator.count_
    scrollUntilLineIsVisible
      getSourceLine
        getCurrentSource
          _locator.count_
          _locator.isVisible_
      debugPrint
        _page.evaluate_
      _keyboard.down_
      _keyboard.type_
      _keyboard.up_
      _locator.focus_
      clearTextArea
        debugPrint
          _page.evaluate_
        _locator.focus_
        _keyboard.press_
        _keyboard.press_
      _keyboard.type_
      _keyboard.press_
    waitForSourceLineHitCounts
      getSourceLine
        getCurrentSource
          _locator.count_
          _locator.isVisible_
      _locator.isVisible_
      waitFor
        callback
          _locator.getAttribute_
    getSourceLine
      getCurrentSource
        _locator.count_
        _locator.isVisible_
    waitFor
      callback
        _locator.getAttribute_
    waitFor
      callback
        _mouse.move_
      helpers/source-panel.ts
        _locator.hover_
        _locator.waitFor_
        _locator.getAttribute_
        _locator.click_
    waitForBreakpoint
      debugPrint
        _page.evaluate_
      openPauseInformationPanel
        _locator.isVisible_
        _locator.click_
      _page.waitForSelector_
      _elementHandle.waitForSelector_
  rewindToLine
    debugPrint
      _page.evaluate_
    clickCommandBarButton
      debugPrint
        _page.evaluate_
      openPauseInformationPanel
        _locator.isVisible_
      _locator.isEnabled_
      _locator.click_
    waitForPaused
      debugPrint
        _page.evaluate_
      openPauseInformationPanel
        _locator.isVisible_
      waitFor
        callback
          _locator.count_
          _locator.count_
          _locator.count_
          _locator.count_
          _locator.count_
          _locator.count_
          _locator.count_
          _locator.count_
      waitFor
        helpers/pause-information-panel.ts
          getCurrentCallStackFrameInfo
            _locator.waitFor_
            _locator.textContent_
            _locator.textContent_
  executeAndVerifyTerminalExpression
    executeTerminalExpression
      debugPrint
        _page.evaluate_
      openConsolePanel
        _locator.click_
      _locator.waitFor_
      type
        clearText
          focus
            _page.focus_
          _locator.textContent_
        _locator.type_
        submitCurrentText
          _locator.textContent_
          hideTypeAheadSuggestions
            _locator.isVisible_
            _locator.press_
          _locator.textContent_
          _locator.press_
          _locator.textContent_
    verifyEvaluationResult
      debugPrint
        _page.evaluate_
      verifyExpectedCount
        _locator.waitFor_
    clearConsoleEvaluations
      _locator.click_
      waitFor
        callback
          _locator.count_
  rewindToLine
    clickCommandBarButton
      debugPrint
        _page.evaluate_
      openPauseInformationPanel
        _locator.isVisible_
      _locator.isEnabled_
      _locator.click_
    waitForPaused
      debugPrint
        _page.evaluate_
      openPauseInformationPanel
        _locator.isVisible_
      waitFor
        callback
          _locator.count_
          _locator.count_
          _locator.count_
          _locator.count_
          _locator.count_
          _locator.count_
      waitFor
        helpers/pause-information-panel.ts
          getCurrentCallStackFrameInfo
            _locator.waitFor_
            _locator.textContent_
            _locator.textContent_
  executeAndVerifyTerminalExpression
    executeTerminalExpression
      debugPrint
        _page.evaluate_
      openConsolePanel
        _locator.click_
      _locator.waitFor_
      type
        clearText
          focus
            _page.focus_
          _locator.textContent_
        _locator.type_
        submitCurrentText
          _locator.textContent_
          hideTypeAheadSuggestions
            _locator.isVisible_
            _locator.press_
          _locator.textContent_
          _locator.press_
          _locator.textContent_
    verifyEvaluationResult
      debugPrint
        _page.evaluate_
      verifyExpectedCount
        _locator.waitFor_
    clearConsoleEvaluations
      _locator.click_
      waitFor
        callback
          _locator.count_
  rewindToLine
    clickCommandBarButton
      debugPrint
        _page.evaluate_
      openPauseInformationPanel
        _locator.isVisible_
      _locator.isEnabled_
      _locator.click_
    waitForPaused
      debugPrint
        _page.evaluate_
      openPauseInformationPanel
        _locator.isVisible_
      waitFor
        callback
          _locator.count_
          _locator.count_
          _locator.count_
          _locator.count_
          _locator.count_
          _locator.count_
      waitFor
        helpers/pause-information-panel.ts
          getCurrentCallStackFrameInfo
            _locator.waitFor_
            _locator.textContent_
            _locator.textContent_
  executeAndVerifyTerminalExpression
    executeTerminalExpression
      debugPrint
        _page.evaluate_
      openConsolePanel
        _locator.click_
      _locator.waitFor_
      type
        clearText
          focus
            _page.focus_
          _locator.textContent_
        _locator.type_
        submitCurrentText
          _locator.textContent_
          hideTypeAheadSuggestions
            _locator.isVisible_
            _locator.press_
          _locator.textContent_
          _locator.press_
          _locator.textContent_
    verifyEvaluationResult
      debugPrint
        _page.evaluate_
      verifyExpectedCount
        _locator.waitFor_
    clearConsoleEvaluations
      _locator.click_
      waitFor
        callback
          _locator.count_
  rewindToLine
    clickCommandBarButton
      debugPrint
        _page.evaluate_
      openPauseInformationPanel
        _locator.isVisible_
      _locator.isEnabled_
      _locator.click_
    waitForPaused
      debugPrint
        _page.evaluate_
      openPauseInformationPanel
        _locator.isVisible_
      waitFor
        callback
          _locator.count_
          _locator.count_
          _locator.count_
          _locator.count_
          _locator.count_
          _locator.count_
      waitFor
        helpers/pause-information-panel.ts
          getCurrentCallStackFrameInfo
            _locator.waitFor_
            _locator.textContent_
            _locator.textContent_
  executeAndVerifyTerminalExpression
    executeTerminalExpression
      debugPrint
        _page.evaluate_
      openConsolePanel
        _locator.click_
      _locator.waitFor_
      type
        clearText
          focus
            _page.focus_
          _locator.textContent_
        _locator.type_
        submitCurrentText
          _locator.textContent_
          hideTypeAheadSuggestions
            _locator.isVisible_
            _locator.press_
          _locator.textContent_
          _locator.press_
          _locator.textContent_
    verifyEvaluationResult
      debugPrint
        _page.evaluate_
      verifyExpectedCount
        _locator.waitFor_
    clearConsoleEvaluations
      _locator.click_
      waitFor
        callback
          _locator.count_
  rewindToLine
    clickCommandBarButton
      debugPrint
        _page.evaluate_
      openPauseInformationPanel
        _locator.isVisible_
      _locator.isEnabled_
      _locator.click_
    waitForPaused
      debugPrint
        _page.evaluate_
      openPauseInformationPanel
        _locator.isVisible_
      waitFor
        callback
          _locator.count_
          _locator.count_
          _locator.count_
          _locator.count_
          _locator.count_
          _locator.count_
      waitFor
        helpers/pause-information-panel.ts
          getCurrentCallStackFrameInfo
            _locator.waitFor_
            _locator.textContent_
            _locator.textContent_
  executeAndVerifyTerminalExpression
    executeTerminalExpression
      debugPrint
        _page.evaluate_
      openConsolePanel
        _locator.click_
      _locator.waitFor_
      type
        clearText
          focus
            _page.focus_
          _locator.textContent_
        _locator.type_
        submitCurrentText
          _locator.textContent_
          hideTypeAheadSuggestions
            _locator.isVisible_
            _locator.press_
          _locator.textContent_
          _locator.press_
          _locator.textContent_
    verifyEvaluationResult
      debugPrint
        _page.evaluate_
      verifyExpectedCount
        _locator.waitFor_
    clearConsoleEvaluations
      _locator.click_
      waitFor
        callback
          _locator.count_
  resumeToLine
    clickCommandBarButton
      debugPrint
        _page.evaluate_
      openPauseInformationPanel
        _locator.isVisible_
      _locator.isEnabled_
      _locator.click_
    waitForPaused
      debugPrint
        _page.evaluate_
      openPauseInformationPanel
        _locator.isVisible_
      waitFor
        callback
          _locator.count_
          _locator.count_
      waitFor
        helpers/pause-information-panel.ts
          getCurrentCallStackFrameInfo
            _locator.waitFor_
            _locator.textContent_
            _locator.textContent_
  executeAndVerifyTerminalExpression
    executeTerminalExpression
      debugPrint
        _page.evaluate_
      openConsolePanel
        _locator.click_
      _locator.waitFor_
      type
        clearText
          focus
            _page.focus_
          _locator.textContent_
        _locator.type_
        submitCurrentText
          _locator.textContent_
          hideTypeAheadSuggestions
            _locator.isVisible_
            _locator.press_
          _locator.textContent_
          _locator.press_
          _locator.textContent_
    verifyEvaluationResult
      debugPrint
        _page.evaluate_
      verifyExpectedCount
        _locator.waitFor_
    clearConsoleEvaluations
      _locator.click_
      waitFor
        callback
          _locator.count_
  resumeToLine
    clickCommandBarButton
      debugPrint
        _page.evaluate_
      openPauseInformationPanel
        _locator.isVisible_
      _locator.isEnabled_
      _locator.click_
    waitForPaused
      debugPrint
        _page.evaluate_
      openPauseInformationPanel
        _locator.isVisible_
      waitFor
        callback
          _locator.count_
          _locator.count_
      waitFor
        helpers/pause-information-panel.ts
          getCurrentCallStackFrameInfo
            _locator.waitFor_
            _locator.textContent_
            _locator.textContent_
  executeAndVerifyTerminalExpression
    executeTerminalExpression
      debugPrint
        _page.evaluate_
      openConsolePanel
        _locator.click_
      _locator.waitFor_
      type
        clearText
          focus
            _page.focus_
          _locator.textContent_
        _locator.type_
        submitCurrentText
          _locator.textContent_
          hideTypeAheadSuggestions
            _locator.isVisible_
            _locator.press_
          _locator.textContent_
          _locator.press_
          _locator.textContent_
    verifyEvaluationResult
      debugPrint
        _page.evaluate_
      verifyExpectedCount
        _locator.waitFor_
    clearConsoleEvaluations
      _locator.click_
      waitFor
        callback
          _locator.count_
  resumeToLine
    clickCommandBarButton
      debugPrint
        _page.evaluate_
      openPauseInformationPanel
        _locator.isVisible_
      _locator.isEnabled_
      _locator.click_
    waitForPaused
      debugPrint
        _page.evaluate_
      openPauseInformationPanel
        _locator.isVisible_
      waitFor
        callback
          _locator.count_
          _locator.count_
      waitFor
        helpers/pause-information-panel.ts
          getCurrentCallStackFrameInfo
            _locator.waitFor_
            _locator.textContent_
            _locator.textContent_
  executeAndVerifyTerminalExpression
    executeTerminalExpression
      debugPrint
        _page.evaluate_
      openConsolePanel
        _locator.click_
      _locator.waitFor_
      type
        clearText
          focus
            _page.focus_
          _locator.textContent_
        _locator.type_
        submitCurrentText
          _locator.textContent_
          hideTypeAheadSuggestions
            _locator.isVisible_
            _locator.press_
          _locator.textContent_
          _locator.press_
          _locator.textContent_
    verifyEvaluationResult
      debugPrint
        _page.evaluate_
      verifyExpectedCount
        _locator.waitFor_
    clearConsoleEvaluations
      _locator.click_
      waitFor
        callback
          _locator.count_
  resumeToLine
    clickCommandBarButton
      debugPrint
        _page.evaluate_
      openPauseInformationPanel
        _locator.isVisible_
      _locator.isEnabled_
      _locator.click_
    waitForPaused
      debugPrint
        _page.evaluate_
      openPauseInformationPanel
        _locator.isVisible_
      waitFor
        callback
          _locator.count_
          _locator.count_
          _locator.count_
          _locator.count_
      waitFor
        helpers/pause-information-panel.ts
          getCurrentCallStackFrameInfo
            _locator.waitFor_
            _locator.textContent_
            _locator.textContent_
  executeAndVerifyTerminalExpression
    executeTerminalExpression
      debugPrint
        _page.evaluate_
      openConsolePanel
        _locator.click_
      _locator.waitFor_
      type
        clearText
          focus
            _page.focus_
          _locator.textContent_
        _locator.type_
        submitCurrentText
          _locator.textContent_
          hideTypeAheadSuggestions
            _locator.isVisible_
            _locator.press_
          _locator.textContent_
          _locator.press_
          _locator.textContent_
    verifyEvaluationResult
      debugPrint
        _page.evaluate_
      verifyExpectedCount
        _locator.waitFor_
    clearConsoleEvaluations
      _locator.click_
      waitFor
        callback
          _locator.count_"
`;
